<?xml version="1.0" encoding="utf-8"?>
<testsuites><testsuite name="website.tests.NewsletterEmailUnicode"><testcase classname="website.tests.NewsletterEmailUnicode" name="test_unicode" time="0.000230"></testcase></testsuite></testsuites>